Restore Archived Project report for lms7_ustream_trx
Mon Oct 26 13:07:11 2015
Quartus II 64-Bit Version 15.0.0 Build 145 04/22/2015 SJ Web Edition


---------------------
; Table of Contents ;
---------------------
  1. Legal Notice
  2. Restore Archived Project Summary
  3. Restore Archived Project Messages
  4. Files Restored
  5. Files Not Restored



----------------
; Legal Notice ;
----------------
Copyright (C) 1991-2015 Altera Corporation. All rights reserved.
Your use of Altera Corporation's design tools, logic functions 
and other software and tools, and its AMPP partner logic 
functions, and any output files from any of the foregoing 
(including device programming or simulation files), and any 
associated documentation or information are expressly subject 
to the terms and conditions of the Altera Program License 
Subscription Agreement, the Altera Quartus II License Agreement,
the Altera MegaCore Function License Agreement, or other 
applicable license agreement, including, without limitation, 
that your use is for the sole purpose of programming logic 
devices manufactured by Altera and sold by Altera or its 
authorized distributors.  Please refer to the applicable 
agreement for further details.



+-------------------------------------------------------------------------+
; Restore Archived Project Summary                                        ;
+---------------------------------+---------------------------------------+
; Restore Archived Project Status ; Successful - Mon Oct 26 13:07:11 2015 ;
; Revision Name                   ; lms7_ustream_trx                      ;
; Top-level Entity Name           ; lms7_uStream_trx_top                  ;
; Family                          ; Cyclone IV E                          ;
+---------------------------------+---------------------------------------+


+-----------------------------------+
; Restore Archived Project Messages ;
+-----------------------------------+
Info: Successfully restored 'C:/Users/Ignas Lime/Desktop/uStream_uMyriad7_distro_v01/gateware/qii_projects/uStream_mrf7_trx.qar' into the 'C:/Users/Ignas Lime/Desktop/uStream_uMyriad7_distro_v01/gateware/qii_projects/uStream_mrf7_trx_restored/' directory
Info: Generated report 'lms7_ustream_trx.restore.rpt'
Info (23030): Evaluation of Tcl script c:/altera/15.0/quartus/common/tcl/apps/qpm/qar.tcl was successful
Info: Quartus II 64-Bit Shell was successful. 0 errors, 0 warnings
    Info: Peak virtual memory: 532 megabytes
    Info: Processing ended: Mon Oct 26 13:07:11 2015
    Info: Elapsed time: 00:00:12
    Info: Total CPU time (on all processors): 00:00:03


+----------------------------------------------------------------------------+
; Files Restored                                                             ;
+----------------------------------------------------------------------------+
; File Name                                                                  ;
+----------------------------------------------------------------------------+
; qar_info.json                                                              ;
; SDC1.sdc                                                                   ;
; assignment_defaults.qdf                                                    ;
; db/a_dpfifo_1l31.tdf                                                       ;
; db/a_dpfifo_ej31.tdf                                                       ;
; db/a_dpfifo_kj31.tdf                                                       ;
; db/a_dpfifo_sk31.tdf                                                       ;
; db/a_gray2bin_7ib.tdf                                                      ;
; db/a_gray2bin_9ib.tdf                                                      ;
; db/a_graycounter_1lc.tdf                                                   ;
; db/a_graycounter_2lc.tdf                                                   ;
; db/a_graycounter_4lc.tdf                                                   ;
; db/a_graycounter_577.tdf                                                   ;
; db/a_graycounter_677.tdf                                                   ;
; db/a_graycounter_877.tdf                                                   ;
; db/add_sub_a4h.tdf                                                         ;
; db/add_sub_djg.tdf                                                         ;
; db/alt_synch_pipe_0md.tdf                                                  ;
; db/alt_synch_pipe_rld.tdf                                                  ;
; db/alt_synch_pipe_sld.tdf                                                  ;
; db/alt_synch_pipe_tld.tdf                                                  ;
; db/alt_synch_pipe_uld.tdf                                                  ;
; db/alt_synch_pipe_vld.tdf                                                  ;
; db/altpll_3al3.tdf                                                         ;
; db/altpll_dyn_phase_le_4ho.tdf                                             ;
; db/altpll_dyn_phase_le_5ho.tdf                                             ;
; db/altpll_dyn_phase_le_6ho.tdf                                             ;
; db/altsyncram_7pl1.tdf                                                     ;
; db/altsyncram_boi1.tdf                                                     ;
; db/altsyncram_dm31.tdf                                                     ;
; db/altsyncram_em31.tdf                                                     ;
; db/altsyncram_fud1.tdf                                                     ;
; db/altsyncram_im31.tdf                                                     ;
; db/altsyncram_jrd1.tdf                                                     ;
; db/altsyncram_lil1.tdf                                                     ;
; db/altsyncram_pud1.tdf                                                     ;
; db/altsyncram_reh1.tdf                                                     ;
; db/altsyncram_v1k3.tdf                                                     ;
; db/altsyncram_vll1.tdf                                                     ;
; db/altsyncram_vrd1.tdf                                                     ;
; db/cmpr_a2i.tdf                                                            ;
; db/cmpr_gs8.tdf                                                            ;
; db/cmpr_hs8.tdf                                                            ;
; db/cmpr_o76.tdf                                                            ;
; db/cmpr_ogc.tdf                                                            ;
; db/cmpr_pgc.tdf                                                            ;
; db/cmpr_q76.tdf                                                            ;
; db/cntr_22e.tdf                                                            ;
; db/cntr_54e.tdf                                                            ;
; db/cntr_6jo.tdf                                                            ;
; db/cntr_8ge.tdf                                                            ;
; db/cntr_a9o.tdf                                                            ;
; db/cntr_ao7.tdf                                                            ;
; db/cntr_bo7.tdf                                                            ;
; db/cntr_qfo.tdf                                                            ;
; db/cntr_rfo.tdf                                                            ;
; db/cntr_tfo.tdf                                                            ;
; db/cntr_tnb.tdf                                                            ;
; db/cntr_unb.tdf                                                            ;
; db/cntr_vnb.tdf                                                            ;
; db/dcfifo_75l1.tdf                                                         ;
; db/dcfifo_k8n1.tdf                                                         ;
; db/dcfifo_r1o1.tdf                                                         ;
; db/ddio_bidir_n5h.tdf                                                      ;
; db/ddio_bidir_ref.tdf                                                      ;
; db/ddio_in_9gd.tdf                                                         ;
; db/ddio_out_akd.tdf                                                        ;
; db/ddio_out_nhd.tdf                                                        ;
; db/ddio_out_p9j.tdf                                                        ;
; db/decode_mng.tdf                                                          ;
; db/dffpipe_0f9.tdf                                                         ;
; db/dffpipe_1f9.tdf                                                         ;
; db/dffpipe_8d9.tdf                                                         ;
; db/dffpipe_pe9.tdf                                                         ;
; db/dffpipe_qe9.tdf                                                         ;
; db/dffpipe_re9.tdf                                                         ;
; db/dffpipe_se9.tdf                                                         ;
; db/dffpipe_te9.tdf                                                         ;
; db/dffpipe_ue9.tdf                                                         ;
; db/dffpipe_ve9.tdf                                                         ;
; db/lms7_ustream_trx.(0).cnf.cdb                                            ;
; db/lms7_ustream_trx.(0).cnf.hdb                                            ;
; db/lms7_ustream_trx.(1).cnf.cdb                                            ;
; db/lms7_ustream_trx.(1).cnf.hdb                                            ;
; db/lms7_ustream_trx.(10).cnf.cdb                                           ;
; db/lms7_ustream_trx.(10).cnf.hdb                                           ;
; db/lms7_ustream_trx.(100).cnf.cdb                                          ;
; db/lms7_ustream_trx.(100).cnf.hdb                                          ;
; db/lms7_ustream_trx.(101).cnf.cdb                                          ;
; db/lms7_ustream_trx.(101).cnf.hdb                                          ;
; db/lms7_ustream_trx.(102).cnf.cdb                                          ;
; db/lms7_ustream_trx.(102).cnf.hdb                                          ;
; db/lms7_ustream_trx.(103).cnf.cdb                                          ;
; db/lms7_ustream_trx.(103).cnf.hdb                                          ;
; db/lms7_ustream_trx.(104).cnf.cdb                                          ;
; db/lms7_ustream_trx.(104).cnf.hdb                                          ;
; db/lms7_ustream_trx.(105).cnf.cdb                                          ;
; db/lms7_ustream_trx.(105).cnf.hdb                                          ;
; db/lms7_ustream_trx.(106).cnf.cdb                                          ;
; db/lms7_ustream_trx.(106).cnf.hdb                                          ;
; db/lms7_ustream_trx.(107).cnf.cdb                                          ;
; db/lms7_ustream_trx.(107).cnf.hdb                                          ;
; db/lms7_ustream_trx.(108).cnf.cdb                                          ;
; db/lms7_ustream_trx.(108).cnf.hdb                                          ;
; db/lms7_ustream_trx.(109).cnf.cdb                                          ;
; db/lms7_ustream_trx.(109).cnf.hdb                                          ;
; db/lms7_ustream_trx.(11).cnf.cdb                                           ;
; db/lms7_ustream_trx.(11).cnf.hdb                                           ;
; db/lms7_ustream_trx.(110).cnf.cdb                                          ;
; db/lms7_ustream_trx.(110).cnf.hdb                                          ;
; db/lms7_ustream_trx.(111).cnf.cdb                                          ;
; db/lms7_ustream_trx.(111).cnf.hdb                                          ;
; db/lms7_ustream_trx.(112).cnf.cdb                                          ;
; db/lms7_ustream_trx.(112).cnf.hdb                                          ;
; db/lms7_ustream_trx.(113).cnf.cdb                                          ;
; db/lms7_ustream_trx.(113).cnf.hdb                                          ;
; db/lms7_ustream_trx.(114).cnf.cdb                                          ;
; db/lms7_ustream_trx.(114).cnf.hdb                                          ;
; db/lms7_ustream_trx.(115).cnf.cdb                                          ;
; db/lms7_ustream_trx.(115).cnf.hdb                                          ;
; db/lms7_ustream_trx.(116).cnf.cdb                                          ;
; db/lms7_ustream_trx.(116).cnf.hdb                                          ;
; db/lms7_ustream_trx.(117).cnf.cdb                                          ;
; db/lms7_ustream_trx.(117).cnf.hdb                                          ;
; db/lms7_ustream_trx.(118).cnf.cdb                                          ;
; db/lms7_ustream_trx.(118).cnf.hdb                                          ;
; db/lms7_ustream_trx.(119).cnf.cdb                                          ;
; db/lms7_ustream_trx.(119).cnf.hdb                                          ;
; db/lms7_ustream_trx.(12).cnf.cdb                                           ;
; db/lms7_ustream_trx.(12).cnf.hdb                                           ;
; db/lms7_ustream_trx.(120).cnf.cdb                                          ;
; db/lms7_ustream_trx.(120).cnf.hdb                                          ;
; db/lms7_ustream_trx.(121).cnf.cdb                                          ;
; db/lms7_ustream_trx.(121).cnf.hdb                                          ;
; db/lms7_ustream_trx.(122).cnf.cdb                                          ;
; db/lms7_ustream_trx.(122).cnf.hdb                                          ;
; db/lms7_ustream_trx.(123).cnf.cdb                                          ;
; db/lms7_ustream_trx.(123).cnf.hdb                                          ;
; db/lms7_ustream_trx.(124).cnf.cdb                                          ;
; db/lms7_ustream_trx.(124).cnf.hdb                                          ;
; db/lms7_ustream_trx.(125).cnf.cdb                                          ;
; db/lms7_ustream_trx.(125).cnf.hdb                                          ;
; db/lms7_ustream_trx.(126).cnf.cdb                                          ;
; db/lms7_ustream_trx.(126).cnf.hdb                                          ;
; db/lms7_ustream_trx.(127).cnf.cdb                                          ;
; db/lms7_ustream_trx.(127).cnf.hdb                                          ;
; db/lms7_ustream_trx.(128).cnf.cdb                                          ;
; db/lms7_ustream_trx.(128).cnf.hdb                                          ;
; db/lms7_ustream_trx.(129).cnf.cdb                                          ;
; db/lms7_ustream_trx.(129).cnf.hdb                                          ;
; db/lms7_ustream_trx.(13).cnf.cdb                                           ;
; db/lms7_ustream_trx.(13).cnf.hdb                                           ;
; db/lms7_ustream_trx.(130).cnf.cdb                                          ;
; db/lms7_ustream_trx.(130).cnf.hdb                                          ;
; db/lms7_ustream_trx.(131).cnf.cdb                                          ;
; db/lms7_ustream_trx.(131).cnf.hdb                                          ;
; db/lms7_ustream_trx.(132).cnf.cdb                                          ;
; db/lms7_ustream_trx.(132).cnf.hdb                                          ;
; db/lms7_ustream_trx.(133).cnf.cdb                                          ;
; db/lms7_ustream_trx.(133).cnf.hdb                                          ;
; db/lms7_ustream_trx.(134).cnf.cdb                                          ;
; db/lms7_ustream_trx.(134).cnf.hdb                                          ;
; db/lms7_ustream_trx.(135).cnf.cdb                                          ;
; db/lms7_ustream_trx.(135).cnf.hdb                                          ;
; db/lms7_ustream_trx.(136).cnf.cdb                                          ;
; db/lms7_ustream_trx.(136).cnf.hdb                                          ;
; db/lms7_ustream_trx.(137).cnf.cdb                                          ;
; db/lms7_ustream_trx.(137).cnf.hdb                                          ;
; db/lms7_ustream_trx.(138).cnf.cdb                                          ;
; db/lms7_ustream_trx.(138).cnf.hdb                                          ;
; db/lms7_ustream_trx.(139).cnf.cdb                                          ;
; db/lms7_ustream_trx.(139).cnf.hdb                                          ;
; db/lms7_ustream_trx.(14).cnf.cdb                                           ;
; db/lms7_ustream_trx.(14).cnf.hdb                                           ;
; db/lms7_ustream_trx.(140).cnf.cdb                                          ;
; db/lms7_ustream_trx.(140).cnf.hdb                                          ;
; db/lms7_ustream_trx.(141).cnf.cdb                                          ;
; db/lms7_ustream_trx.(141).cnf.hdb                                          ;
; db/lms7_ustream_trx.(142).cnf.cdb                                          ;
; db/lms7_ustream_trx.(142).cnf.hdb                                          ;
; db/lms7_ustream_trx.(143).cnf.cdb                                          ;
; db/lms7_ustream_trx.(143).cnf.hdb                                          ;
; db/lms7_ustream_trx.(144).cnf.cdb                                          ;
; db/lms7_ustream_trx.(144).cnf.hdb                                          ;
; db/lms7_ustream_trx.(145).cnf.cdb                                          ;
; db/lms7_ustream_trx.(145).cnf.hdb                                          ;
; db/lms7_ustream_trx.(146).cnf.cdb                                          ;
; db/lms7_ustream_trx.(146).cnf.hdb                                          ;
; db/lms7_ustream_trx.(147).cnf.cdb                                          ;
; db/lms7_ustream_trx.(147).cnf.hdb                                          ;
; db/lms7_ustream_trx.(148).cnf.cdb                                          ;
; db/lms7_ustream_trx.(148).cnf.hdb                                          ;
; db/lms7_ustream_trx.(149).cnf.cdb                                          ;
; db/lms7_ustream_trx.(149).cnf.hdb                                          ;
; db/lms7_ustream_trx.(15).cnf.cdb                                           ;
; db/lms7_ustream_trx.(15).cnf.hdb                                           ;
; db/lms7_ustream_trx.(150).cnf.cdb                                          ;
; db/lms7_ustream_trx.(150).cnf.hdb                                          ;
; db/lms7_ustream_trx.(151).cnf.cdb                                          ;
; db/lms7_ustream_trx.(151).cnf.hdb                                          ;
; db/lms7_ustream_trx.(152).cnf.cdb                                          ;
; db/lms7_ustream_trx.(152).cnf.hdb                                          ;
; db/lms7_ustream_trx.(153).cnf.cdb                                          ;
; db/lms7_ustream_trx.(153).cnf.hdb                                          ;
; db/lms7_ustream_trx.(154).cnf.cdb                                          ;
; db/lms7_ustream_trx.(154).cnf.hdb                                          ;
; db/lms7_ustream_trx.(155).cnf.cdb                                          ;
; db/lms7_ustream_trx.(155).cnf.hdb                                          ;
; db/lms7_ustream_trx.(156).cnf.cdb                                          ;
; db/lms7_ustream_trx.(156).cnf.hdb                                          ;
; db/lms7_ustream_trx.(157).cnf.cdb                                          ;
; db/lms7_ustream_trx.(157).cnf.hdb                                          ;
; db/lms7_ustream_trx.(158).cnf.cdb                                          ;
; db/lms7_ustream_trx.(158).cnf.hdb                                          ;
; db/lms7_ustream_trx.(159).cnf.cdb                                          ;
; db/lms7_ustream_trx.(159).cnf.hdb                                          ;
; db/lms7_ustream_trx.(16).cnf.cdb                                           ;
; db/lms7_ustream_trx.(16).cnf.hdb                                           ;
; db/lms7_ustream_trx.(160).cnf.cdb                                          ;
; db/lms7_ustream_trx.(160).cnf.hdb                                          ;
; db/lms7_ustream_trx.(161).cnf.cdb                                          ;
; db/lms7_ustream_trx.(161).cnf.hdb                                          ;
; db/lms7_ustream_trx.(162).cnf.cdb                                          ;
; db/lms7_ustream_trx.(162).cnf.hdb                                          ;
; db/lms7_ustream_trx.(163).cnf.cdb                                          ;
; db/lms7_ustream_trx.(163).cnf.hdb                                          ;
; db/lms7_ustream_trx.(164).cnf.cdb                                          ;
; db/lms7_ustream_trx.(164).cnf.hdb                                          ;
; db/lms7_ustream_trx.(165).cnf.cdb                                          ;
; db/lms7_ustream_trx.(165).cnf.hdb                                          ;
; db/lms7_ustream_trx.(166).cnf.cdb                                          ;
; db/lms7_ustream_trx.(166).cnf.hdb                                          ;
; db/lms7_ustream_trx.(167).cnf.cdb                                          ;
; db/lms7_ustream_trx.(167).cnf.hdb                                          ;
; db/lms7_ustream_trx.(168).cnf.cdb                                          ;
; db/lms7_ustream_trx.(168).cnf.hdb                                          ;
; db/lms7_ustream_trx.(169).cnf.cdb                                          ;
; db/lms7_ustream_trx.(169).cnf.hdb                                          ;
; db/lms7_ustream_trx.(17).cnf.cdb                                           ;
; db/lms7_ustream_trx.(17).cnf.hdb                                           ;
; db/lms7_ustream_trx.(170).cnf.cdb                                          ;
; db/lms7_ustream_trx.(170).cnf.hdb                                          ;
; db/lms7_ustream_trx.(171).cnf.cdb                                          ;
; db/lms7_ustream_trx.(171).cnf.hdb                                          ;
; db/lms7_ustream_trx.(172).cnf.cdb                                          ;
; db/lms7_ustream_trx.(172).cnf.hdb                                          ;
; db/lms7_ustream_trx.(173).cnf.cdb                                          ;
; db/lms7_ustream_trx.(173).cnf.hdb                                          ;
; db/lms7_ustream_trx.(174).cnf.cdb                                          ;
; db/lms7_ustream_trx.(174).cnf.hdb                                          ;
; db/lms7_ustream_trx.(175).cnf.cdb                                          ;
; db/lms7_ustream_trx.(175).cnf.hdb                                          ;
; db/lms7_ustream_trx.(176).cnf.cdb                                          ;
; db/lms7_ustream_trx.(176).cnf.hdb                                          ;
; db/lms7_ustream_trx.(177).cnf.cdb                                          ;
; db/lms7_ustream_trx.(177).cnf.hdb                                          ;
; db/lms7_ustream_trx.(178).cnf.cdb                                          ;
; db/lms7_ustream_trx.(178).cnf.hdb                                          ;
; db/lms7_ustream_trx.(179).cnf.cdb                                          ;
; db/lms7_ustream_trx.(179).cnf.hdb                                          ;
; db/lms7_ustream_trx.(18).cnf.cdb                                           ;
; db/lms7_ustream_trx.(18).cnf.hdb                                           ;
; db/lms7_ustream_trx.(180).cnf.cdb                                          ;
; db/lms7_ustream_trx.(180).cnf.hdb                                          ;
; db/lms7_ustream_trx.(181).cnf.cdb                                          ;
; db/lms7_ustream_trx.(181).cnf.hdb                                          ;
; db/lms7_ustream_trx.(182).cnf.cdb                                          ;
; db/lms7_ustream_trx.(182).cnf.hdb                                          ;
; db/lms7_ustream_trx.(183).cnf.cdb                                          ;
; db/lms7_ustream_trx.(183).cnf.hdb                                          ;
; db/lms7_ustream_trx.(184).cnf.cdb                                          ;
; db/lms7_ustream_trx.(184).cnf.hdb                                          ;
; db/lms7_ustream_trx.(185).cnf.cdb                                          ;
; db/lms7_ustream_trx.(185).cnf.hdb                                          ;
; db/lms7_ustream_trx.(186).cnf.cdb                                          ;
; db/lms7_ustream_trx.(186).cnf.hdb                                          ;
; db/lms7_ustream_trx.(187).cnf.cdb                                          ;
; db/lms7_ustream_trx.(187).cnf.hdb                                          ;
; db/lms7_ustream_trx.(188).cnf.cdb                                          ;
; db/lms7_ustream_trx.(188).cnf.hdb                                          ;
; db/lms7_ustream_trx.(189).cnf.cdb                                          ;
; db/lms7_ustream_trx.(189).cnf.hdb                                          ;
; db/lms7_ustream_trx.(19).cnf.cdb                                           ;
; db/lms7_ustream_trx.(19).cnf.hdb                                           ;
; db/lms7_ustream_trx.(190).cnf.cdb                                          ;
; db/lms7_ustream_trx.(190).cnf.hdb                                          ;
; db/lms7_ustream_trx.(191).cnf.cdb                                          ;
; db/lms7_ustream_trx.(191).cnf.hdb                                          ;
; db/lms7_ustream_trx.(192).cnf.cdb                                          ;
; db/lms7_ustream_trx.(192).cnf.hdb                                          ;
; db/lms7_ustream_trx.(193).cnf.cdb                                          ;
; db/lms7_ustream_trx.(193).cnf.hdb                                          ;
; db/lms7_ustream_trx.(194).cnf.cdb                                          ;
; db/lms7_ustream_trx.(194).cnf.hdb                                          ;
; db/lms7_ustream_trx.(195).cnf.cdb                                          ;
; db/lms7_ustream_trx.(195).cnf.hdb                                          ;
; db/lms7_ustream_trx.(196).cnf.cdb                                          ;
; db/lms7_ustream_trx.(196).cnf.hdb                                          ;
; db/lms7_ustream_trx.(197).cnf.cdb                                          ;
; db/lms7_ustream_trx.(197).cnf.hdb                                          ;
; db/lms7_ustream_trx.(198).cnf.cdb                                          ;
; db/lms7_ustream_trx.(198).cnf.hdb                                          ;
; db/lms7_ustream_trx.(199).cnf.cdb                                          ;
; db/lms7_ustream_trx.(199).cnf.hdb                                          ;
; db/lms7_ustream_trx.(2).cnf.cdb                                            ;
; db/lms7_ustream_trx.(2).cnf.hdb                                            ;
; db/lms7_ustream_trx.(20).cnf.cdb                                           ;
; db/lms7_ustream_trx.(20).cnf.hdb                                           ;
; db/lms7_ustream_trx.(200).cnf.cdb                                          ;
; db/lms7_ustream_trx.(200).cnf.hdb                                          ;
; db/lms7_ustream_trx.(201).cnf.cdb                                          ;
; db/lms7_ustream_trx.(201).cnf.hdb                                          ;
; db/lms7_ustream_trx.(202).cnf.cdb                                          ;
; db/lms7_ustream_trx.(202).cnf.hdb                                          ;
; db/lms7_ustream_trx.(203).cnf.cdb                                          ;
; db/lms7_ustream_trx.(203).cnf.hdb                                          ;
; db/lms7_ustream_trx.(204).cnf.cdb                                          ;
; db/lms7_ustream_trx.(204).cnf.hdb                                          ;
; db/lms7_ustream_trx.(205).cnf.cdb                                          ;
; db/lms7_ustream_trx.(205).cnf.hdb                                          ;
; db/lms7_ustream_trx.(206).cnf.cdb                                          ;
; db/lms7_ustream_trx.(206).cnf.hdb                                          ;
; db/lms7_ustream_trx.(207).cnf.cdb                                          ;
; db/lms7_ustream_trx.(207).cnf.hdb                                          ;
; db/lms7_ustream_trx.(208).cnf.cdb                                          ;
; db/lms7_ustream_trx.(208).cnf.hdb                                          ;
; db/lms7_ustream_trx.(209).cnf.cdb                                          ;
; db/lms7_ustream_trx.(209).cnf.hdb                                          ;
; db/lms7_ustream_trx.(21).cnf.cdb                                           ;
; db/lms7_ustream_trx.(21).cnf.hdb                                           ;
; db/lms7_ustream_trx.(210).cnf.cdb                                          ;
; db/lms7_ustream_trx.(210).cnf.hdb                                          ;
; db/lms7_ustream_trx.(211).cnf.cdb                                          ;
; db/lms7_ustream_trx.(211).cnf.hdb                                          ;
; db/lms7_ustream_trx.(212).cnf.cdb                                          ;
; db/lms7_ustream_trx.(212).cnf.hdb                                          ;
; db/lms7_ustream_trx.(213).cnf.cdb                                          ;
; db/lms7_ustream_trx.(213).cnf.hdb                                          ;
; db/lms7_ustream_trx.(214).cnf.cdb                                          ;
; db/lms7_ustream_trx.(214).cnf.hdb                                          ;
; db/lms7_ustream_trx.(215).cnf.cdb                                          ;
; db/lms7_ustream_trx.(215).cnf.hdb                                          ;
; db/lms7_ustream_trx.(216).cnf.cdb                                          ;
; db/lms7_ustream_trx.(216).cnf.hdb                                          ;
; db/lms7_ustream_trx.(217).cnf.cdb                                          ;
; db/lms7_ustream_trx.(217).cnf.hdb                                          ;
; db/lms7_ustream_trx.(218).cnf.cdb                                          ;
; db/lms7_ustream_trx.(218).cnf.hdb                                          ;
; db/lms7_ustream_trx.(219).cnf.cdb                                          ;
; db/lms7_ustream_trx.(219).cnf.hdb                                          ;
; db/lms7_ustream_trx.(22).cnf.cdb                                           ;
; db/lms7_ustream_trx.(22).cnf.hdb                                           ;
; db/lms7_ustream_trx.(220).cnf.cdb                                          ;
; db/lms7_ustream_trx.(220).cnf.hdb                                          ;
; db/lms7_ustream_trx.(221).cnf.cdb                                          ;
; db/lms7_ustream_trx.(221).cnf.hdb                                          ;
; db/lms7_ustream_trx.(222).cnf.cdb                                          ;
; db/lms7_ustream_trx.(222).cnf.hdb                                          ;
; db/lms7_ustream_trx.(223).cnf.cdb                                          ;
; db/lms7_ustream_trx.(223).cnf.hdb                                          ;
; db/lms7_ustream_trx.(224).cnf.cdb                                          ;
; db/lms7_ustream_trx.(224).cnf.hdb                                          ;
; db/lms7_ustream_trx.(225).cnf.cdb                                          ;
; db/lms7_ustream_trx.(225).cnf.hdb                                          ;
; db/lms7_ustream_trx.(226).cnf.cdb                                          ;
; db/lms7_ustream_trx.(226).cnf.hdb                                          ;
; db/lms7_ustream_trx.(227).cnf.cdb                                          ;
; db/lms7_ustream_trx.(227).cnf.hdb                                          ;
; db/lms7_ustream_trx.(228).cnf.cdb                                          ;
; db/lms7_ustream_trx.(228).cnf.hdb                                          ;
; db/lms7_ustream_trx.(229).cnf.cdb                                          ;
; db/lms7_ustream_trx.(229).cnf.hdb                                          ;
; db/lms7_ustream_trx.(23).cnf.cdb                                           ;
; db/lms7_ustream_trx.(23).cnf.hdb                                           ;
; db/lms7_ustream_trx.(230).cnf.cdb                                          ;
; db/lms7_ustream_trx.(230).cnf.hdb                                          ;
; db/lms7_ustream_trx.(231).cnf.cdb                                          ;
; db/lms7_ustream_trx.(231).cnf.hdb                                          ;
; db/lms7_ustream_trx.(232).cnf.cdb                                          ;
; db/lms7_ustream_trx.(232).cnf.hdb                                          ;
; db/lms7_ustream_trx.(233).cnf.cdb                                          ;
; db/lms7_ustream_trx.(233).cnf.hdb                                          ;
; db/lms7_ustream_trx.(234).cnf.cdb                                          ;
; db/lms7_ustream_trx.(234).cnf.hdb                                          ;
; db/lms7_ustream_trx.(235).cnf.cdb                                          ;
; db/lms7_ustream_trx.(235).cnf.hdb                                          ;
; db/lms7_ustream_trx.(236).cnf.cdb                                          ;
; db/lms7_ustream_trx.(236).cnf.hdb                                          ;
; db/lms7_ustream_trx.(237).cnf.cdb                                          ;
; db/lms7_ustream_trx.(237).cnf.hdb                                          ;
; db/lms7_ustream_trx.(238).cnf.cdb                                          ;
; db/lms7_ustream_trx.(238).cnf.hdb                                          ;
; db/lms7_ustream_trx.(239).cnf.cdb                                          ;
; db/lms7_ustream_trx.(239).cnf.hdb                                          ;
; db/lms7_ustream_trx.(24).cnf.cdb                                           ;
; db/lms7_ustream_trx.(24).cnf.hdb                                           ;
; db/lms7_ustream_trx.(240).cnf.cdb                                          ;
; db/lms7_ustream_trx.(240).cnf.hdb                                          ;
; db/lms7_ustream_trx.(241).cnf.cdb                                          ;
; db/lms7_ustream_trx.(241).cnf.hdb                                          ;
; db/lms7_ustream_trx.(242).cnf.cdb                                          ;
; db/lms7_ustream_trx.(242).cnf.hdb                                          ;
; db/lms7_ustream_trx.(243).cnf.cdb                                          ;
; db/lms7_ustream_trx.(243).cnf.hdb                                          ;
; db/lms7_ustream_trx.(244).cnf.cdb                                          ;
; db/lms7_ustream_trx.(244).cnf.hdb                                          ;
; db/lms7_ustream_trx.(245).cnf.cdb                                          ;
; db/lms7_ustream_trx.(245).cnf.hdb                                          ;
; db/lms7_ustream_trx.(246).cnf.cdb                                          ;
; db/lms7_ustream_trx.(246).cnf.hdb                                          ;
; db/lms7_ustream_trx.(247).cnf.cdb                                          ;
; db/lms7_ustream_trx.(247).cnf.hdb                                          ;
; db/lms7_ustream_trx.(248).cnf.cdb                                          ;
; db/lms7_ustream_trx.(248).cnf.hdb                                          ;
; db/lms7_ustream_trx.(249).cnf.cdb                                          ;
; db/lms7_ustream_trx.(249).cnf.hdb                                          ;
; db/lms7_ustream_trx.(25).cnf.cdb                                           ;
; db/lms7_ustream_trx.(25).cnf.hdb                                           ;
; db/lms7_ustream_trx.(250).cnf.cdb                                          ;
; db/lms7_ustream_trx.(250).cnf.hdb                                          ;
; db/lms7_ustream_trx.(251).cnf.cdb                                          ;
; db/lms7_ustream_trx.(251).cnf.hdb                                          ;
; db/lms7_ustream_trx.(252).cnf.cdb                                          ;
; db/lms7_ustream_trx.(252).cnf.hdb                                          ;
; db/lms7_ustream_trx.(253).cnf.cdb                                          ;
; db/lms7_ustream_trx.(253).cnf.hdb                                          ;
; db/lms7_ustream_trx.(254).cnf.cdb                                          ;
; db/lms7_ustream_trx.(254).cnf.hdb                                          ;
; db/lms7_ustream_trx.(255).cnf.cdb                                          ;
; db/lms7_ustream_trx.(255).cnf.hdb                                          ;
; db/lms7_ustream_trx.(256).cnf.cdb                                          ;
; db/lms7_ustream_trx.(256).cnf.hdb                                          ;
; db/lms7_ustream_trx.(257).cnf.cdb                                          ;
; db/lms7_ustream_trx.(257).cnf.hdb                                          ;
; db/lms7_ustream_trx.(258).cnf.cdb                                          ;
; db/lms7_ustream_trx.(258).cnf.hdb                                          ;
; db/lms7_ustream_trx.(259).cnf.cdb                                          ;
; db/lms7_ustream_trx.(259).cnf.hdb                                          ;
; db/lms7_ustream_trx.(26).cnf.cdb                                           ;
; db/lms7_ustream_trx.(26).cnf.hdb                                           ;
; db/lms7_ustream_trx.(260).cnf.cdb                                          ;
; db/lms7_ustream_trx.(260).cnf.hdb                                          ;
; db/lms7_ustream_trx.(261).cnf.cdb                                          ;
; db/lms7_ustream_trx.(261).cnf.hdb                                          ;
; db/lms7_ustream_trx.(262).cnf.cdb                                          ;
; db/lms7_ustream_trx.(262).cnf.hdb                                          ;
; db/lms7_ustream_trx.(263).cnf.cdb                                          ;
; db/lms7_ustream_trx.(263).cnf.hdb                                          ;
; db/lms7_ustream_trx.(264).cnf.cdb                                          ;
; db/lms7_ustream_trx.(264).cnf.hdb                                          ;
; db/lms7_ustream_trx.(265).cnf.cdb                                          ;
; db/lms7_ustream_trx.(265).cnf.hdb                                          ;
; db/lms7_ustream_trx.(266).cnf.cdb                                          ;
; db/lms7_ustream_trx.(266).cnf.hdb                                          ;
; db/lms7_ustream_trx.(27).cnf.cdb                                           ;
; db/lms7_ustream_trx.(27).cnf.hdb                                           ;
; db/lms7_ustream_trx.(28).cnf.cdb                                           ;
; db/lms7_ustream_trx.(28).cnf.hdb                                           ;
; db/lms7_ustream_trx.(29).cnf.cdb                                           ;
; db/lms7_ustream_trx.(29).cnf.hdb                                           ;
; db/lms7_ustream_trx.(3).cnf.cdb                                            ;
; db/lms7_ustream_trx.(3).cnf.hdb                                            ;
; db/lms7_ustream_trx.(30).cnf.cdb                                           ;
; db/lms7_ustream_trx.(30).cnf.hdb                                           ;
; db/lms7_ustream_trx.(31).cnf.cdb                                           ;
; db/lms7_ustream_trx.(31).cnf.hdb                                           ;
; db/lms7_ustream_trx.(32).cnf.cdb                                           ;
; db/lms7_ustream_trx.(32).cnf.hdb                                           ;
; db/lms7_ustream_trx.(33).cnf.cdb                                           ;
; db/lms7_ustream_trx.(33).cnf.hdb                                           ;
; db/lms7_ustream_trx.(34).cnf.cdb                                           ;
; db/lms7_ustream_trx.(34).cnf.hdb                                           ;
; db/lms7_ustream_trx.(35).cnf.cdb                                           ;
; db/lms7_ustream_trx.(35).cnf.hdb                                           ;
; db/lms7_ustream_trx.(36).cnf.cdb                                           ;
; db/lms7_ustream_trx.(36).cnf.hdb                                           ;
; db/lms7_ustream_trx.(37).cnf.cdb                                           ;
; db/lms7_ustream_trx.(37).cnf.hdb                                           ;
; db/lms7_ustream_trx.(38).cnf.cdb                                           ;
; db/lms7_ustream_trx.(38).cnf.hdb                                           ;
; db/lms7_ustream_trx.(39).cnf.cdb                                           ;
; db/lms7_ustream_trx.(39).cnf.hdb                                           ;
; db/lms7_ustream_trx.(4).cnf.cdb                                            ;
; db/lms7_ustream_trx.(4).cnf.hdb                                            ;
; db/lms7_ustream_trx.(40).cnf.cdb                                           ;
; db/lms7_ustream_trx.(40).cnf.hdb                                           ;
; db/lms7_ustream_trx.(41).cnf.cdb                                           ;
; db/lms7_ustream_trx.(41).cnf.hdb                                           ;
; db/lms7_ustream_trx.(42).cnf.cdb                                           ;
; db/lms7_ustream_trx.(42).cnf.hdb                                           ;
; db/lms7_ustream_trx.(43).cnf.cdb                                           ;
; db/lms7_ustream_trx.(43).cnf.hdb                                           ;
; db/lms7_ustream_trx.(44).cnf.cdb                                           ;
; db/lms7_ustream_trx.(44).cnf.hdb                                           ;
; db/lms7_ustream_trx.(45).cnf.cdb                                           ;
; db/lms7_ustream_trx.(45).cnf.hdb                                           ;
; db/lms7_ustream_trx.(46).cnf.cdb                                           ;
; db/lms7_ustream_trx.(46).cnf.hdb                                           ;
; db/lms7_ustream_trx.(47).cnf.cdb                                           ;
; db/lms7_ustream_trx.(47).cnf.hdb                                           ;
; db/lms7_ustream_trx.(48).cnf.cdb                                           ;
; db/lms7_ustream_trx.(48).cnf.hdb                                           ;
; db/lms7_ustream_trx.(49).cnf.cdb                                           ;
; db/lms7_ustream_trx.(49).cnf.hdb                                           ;
; db/lms7_ustream_trx.(5).cnf.cdb                                            ;
; db/lms7_ustream_trx.(5).cnf.hdb                                            ;
; db/lms7_ustream_trx.(50).cnf.cdb                                           ;
; db/lms7_ustream_trx.(50).cnf.hdb                                           ;
; db/lms7_ustream_trx.(51).cnf.cdb                                           ;
; db/lms7_ustream_trx.(51).cnf.hdb                                           ;
; db/lms7_ustream_trx.(52).cnf.cdb                                           ;
; db/lms7_ustream_trx.(52).cnf.hdb                                           ;
; db/lms7_ustream_trx.(53).cnf.cdb                                           ;
; db/lms7_ustream_trx.(53).cnf.hdb                                           ;
; db/lms7_ustream_trx.(54).cnf.cdb                                           ;
; db/lms7_ustream_trx.(54).cnf.hdb                                           ;
; db/lms7_ustream_trx.(55).cnf.cdb                                           ;
; db/lms7_ustream_trx.(55).cnf.hdb                                           ;
; db/lms7_ustream_trx.(56).cnf.cdb                                           ;
; db/lms7_ustream_trx.(56).cnf.hdb                                           ;
; db/lms7_ustream_trx.(57).cnf.cdb                                           ;
; db/lms7_ustream_trx.(57).cnf.hdb                                           ;
; db/lms7_ustream_trx.(58).cnf.cdb                                           ;
; db/lms7_ustream_trx.(58).cnf.hdb                                           ;
; db/lms7_ustream_trx.(59).cnf.cdb                                           ;
; db/lms7_ustream_trx.(59).cnf.hdb                                           ;
; db/lms7_ustream_trx.(6).cnf.cdb                                            ;
; db/lms7_ustream_trx.(6).cnf.hdb                                            ;
; db/lms7_ustream_trx.(60).cnf.cdb                                           ;
; db/lms7_ustream_trx.(60).cnf.hdb                                           ;
; db/lms7_ustream_trx.(61).cnf.cdb                                           ;
; db/lms7_ustream_trx.(61).cnf.hdb                                           ;
; db/lms7_ustream_trx.(62).cnf.cdb                                           ;
; db/lms7_ustream_trx.(62).cnf.hdb                                           ;
; db/lms7_ustream_trx.(63).cnf.cdb                                           ;
; db/lms7_ustream_trx.(63).cnf.hdb                                           ;
; db/lms7_ustream_trx.(64).cnf.cdb                                           ;
; db/lms7_ustream_trx.(64).cnf.hdb                                           ;
; db/lms7_ustream_trx.(65).cnf.cdb                                           ;
; db/lms7_ustream_trx.(65).cnf.hdb                                           ;
; db/lms7_ustream_trx.(66).cnf.cdb                                           ;
; db/lms7_ustream_trx.(66).cnf.hdb                                           ;
; db/lms7_ustream_trx.(67).cnf.cdb                                           ;
; db/lms7_ustream_trx.(67).cnf.hdb                                           ;
; db/lms7_ustream_trx.(68).cnf.cdb                                           ;
; db/lms7_ustream_trx.(68).cnf.hdb                                           ;
; db/lms7_ustream_trx.(69).cnf.cdb                                           ;
; db/lms7_ustream_trx.(69).cnf.hdb                                           ;
; db/lms7_ustream_trx.(7).cnf.cdb                                            ;
; db/lms7_ustream_trx.(7).cnf.hdb                                            ;
; db/lms7_ustream_trx.(70).cnf.cdb                                           ;
; db/lms7_ustream_trx.(70).cnf.hdb                                           ;
; db/lms7_ustream_trx.(71).cnf.cdb                                           ;
; db/lms7_ustream_trx.(71).cnf.hdb                                           ;
; db/lms7_ustream_trx.(72).cnf.cdb                                           ;
; db/lms7_ustream_trx.(72).cnf.hdb                                           ;
; db/lms7_ustream_trx.(73).cnf.cdb                                           ;
; db/lms7_ustream_trx.(73).cnf.hdb                                           ;
; db/lms7_ustream_trx.(74).cnf.cdb                                           ;
; db/lms7_ustream_trx.(74).cnf.hdb                                           ;
; db/lms7_ustream_trx.(75).cnf.cdb                                           ;
; db/lms7_ustream_trx.(75).cnf.hdb                                           ;
; db/lms7_ustream_trx.(76).cnf.cdb                                           ;
; db/lms7_ustream_trx.(76).cnf.hdb                                           ;
; db/lms7_ustream_trx.(77).cnf.cdb                                           ;
; db/lms7_ustream_trx.(77).cnf.hdb                                           ;
; db/lms7_ustream_trx.(78).cnf.cdb                                           ;
; db/lms7_ustream_trx.(78).cnf.hdb                                           ;
; db/lms7_ustream_trx.(79).cnf.cdb                                           ;
; db/lms7_ustream_trx.(79).cnf.hdb                                           ;
; db/lms7_ustream_trx.(8).cnf.cdb                                            ;
; db/lms7_ustream_trx.(8).cnf.hdb                                            ;
; db/lms7_ustream_trx.(80).cnf.cdb                                           ;
; db/lms7_ustream_trx.(80).cnf.hdb                                           ;
; db/lms7_ustream_trx.(81).cnf.cdb                                           ;
; db/lms7_ustream_trx.(81).cnf.hdb                                           ;
; db/lms7_ustream_trx.(82).cnf.cdb                                           ;
; db/lms7_ustream_trx.(82).cnf.hdb                                           ;
; db/lms7_ustream_trx.(83).cnf.cdb                                           ;
; db/lms7_ustream_trx.(83).cnf.hdb                                           ;
; db/lms7_ustream_trx.(84).cnf.cdb                                           ;
; db/lms7_ustream_trx.(84).cnf.hdb                                           ;
; db/lms7_ustream_trx.(85).cnf.cdb                                           ;
; db/lms7_ustream_trx.(85).cnf.hdb                                           ;
; db/lms7_ustream_trx.(86).cnf.cdb                                           ;
; db/lms7_ustream_trx.(86).cnf.hdb                                           ;
; db/lms7_ustream_trx.(87).cnf.cdb                                           ;
; db/lms7_ustream_trx.(87).cnf.hdb                                           ;
; db/lms7_ustream_trx.(88).cnf.cdb                                           ;
; db/lms7_ustream_trx.(88).cnf.hdb                                           ;
; db/lms7_ustream_trx.(89).cnf.cdb                                           ;
; db/lms7_ustream_trx.(89).cnf.hdb                                           ;
; db/lms7_ustream_trx.(9).cnf.cdb                                            ;
; db/lms7_ustream_trx.(9).cnf.hdb                                            ;
; db/lms7_ustream_trx.(90).cnf.cdb                                           ;
; db/lms7_ustream_trx.(90).cnf.hdb                                           ;
; db/lms7_ustream_trx.(91).cnf.cdb                                           ;
; db/lms7_ustream_trx.(91).cnf.hdb                                           ;
; db/lms7_ustream_trx.(92).cnf.cdb                                           ;
; db/lms7_ustream_trx.(92).cnf.hdb                                           ;
; db/lms7_ustream_trx.(93).cnf.cdb                                           ;
; db/lms7_ustream_trx.(93).cnf.hdb                                           ;
; db/lms7_ustream_trx.(94).cnf.cdb                                           ;
; db/lms7_ustream_trx.(94).cnf.hdb                                           ;
; db/lms7_ustream_trx.(95).cnf.cdb                                           ;
; db/lms7_ustream_trx.(95).cnf.hdb                                           ;
; db/lms7_ustream_trx.(96).cnf.cdb                                           ;
; db/lms7_ustream_trx.(96).cnf.hdb                                           ;
; db/lms7_ustream_trx.(97).cnf.cdb                                           ;
; db/lms7_ustream_trx.(97).cnf.hdb                                           ;
; db/lms7_ustream_trx.(98).cnf.cdb                                           ;
; db/lms7_ustream_trx.(98).cnf.hdb                                           ;
; db/lms7_ustream_trx.(99).cnf.cdb                                           ;
; db/lms7_ustream_trx.(99).cnf.hdb                                           ;
; db/lms7_ustream_trx.archive.qmsg                                           ;
; db/lms7_ustream_trx.asm.qmsg                                               ;
; db/lms7_ustream_trx.asm.rdb                                                ;
; db/lms7_ustream_trx.asm_labs.ddb                                           ;
; db/lms7_ustream_trx.cmp.bpm                                                ;
; db/lms7_ustream_trx.cmp.cdb                                                ;
; db/lms7_ustream_trx.cmp.hdb                                                ;
; db/lms7_ustream_trx.cmp.idb                                                ;
; db/lms7_ustream_trx.cmp.logdb                                              ;
; db/lms7_ustream_trx.cmp.rdb                                                ;
; db/lms7_ustream_trx.cmp_merge.kpt                                          ;
; db/lms7_ustream_trx.cycloneive_io_sim_cache.45um_ff_1200mv_0c_fast.hsd     ;
; db/lms7_ustream_trx.cycloneive_io_sim_cache.45um_ss_1200mv_0c_slow.hsd     ;
; db/lms7_ustream_trx.cycloneive_io_sim_cache.45um_ss_1200mv_85c_slow.hsd    ;
; db/lms7_ustream_trx.db_info                                                ;
; db/lms7_ustream_trx.eda.qmsg                                               ;
; db/lms7_ustream_trx.fit.qmsg                                               ;
; db/lms7_ustream_trx.hier_info                                              ;
; db/lms7_ustream_trx.hif                                                    ;
; db/lms7_ustream_trx.logic_util_heuristic.dat                               ;
; db/lms7_ustream_trx.lpc.html                                               ;
; db/lms7_ustream_trx.lpc.rdb                                                ;
; db/lms7_ustream_trx.lpc.txt                                                ;
; db/lms7_ustream_trx.map.ammdb                                              ;
; db/lms7_ustream_trx.map.bpm                                                ;
; db/lms7_ustream_trx.map.cdb                                                ;
; db/lms7_ustream_trx.map.hdb                                                ;
; db/lms7_ustream_trx.map.kpt                                                ;
; db/lms7_ustream_trx.map.qmsg                                               ;
; db/lms7_ustream_trx.map.rdb                                                ;
; db/lms7_ustream_trx.map_bb.cdb                                             ;
; db/lms7_ustream_trx.map_bb.hdb                                             ;
; db/lms7_ustream_trx.pplq.rdb                                               ;
; db/lms7_ustream_trx.pre_map.hdb                                            ;
; db/lms7_ustream_trx.pti_db_list.ddb                                        ;
; db/lms7_ustream_trx.root_partition.map.reg_db.cdb                          ;
; db/lms7_ustream_trx.routing.rdb                                            ;
; db/lms7_ustream_trx.rtlv.hdb                                               ;
; db/lms7_ustream_trx.rtlv_sg.cdb                                            ;
; db/lms7_ustream_trx.rtlv_sg_swap.cdb                                       ;
; db/lms7_ustream_trx.sld_design_entry.sci                                   ;
; db/lms7_ustream_trx.sld_design_entry_dsc.sci                               ;
; db/lms7_ustream_trx.smart_action.txt                                       ;
; db/lms7_ustream_trx.sta.qmsg                                               ;
; db/lms7_ustream_trx.sta.rdb                                                ;
; db/lms7_ustream_trx.sta_cmp.8_slow_1200mv_85c.tdb                          ;
; db/lms7_ustream_trx.tis_db_list.ddb                                        ;
; db/lms7_ustream_trx.tiscmp.fast_1200mv_0c.ddb                              ;
; db/lms7_ustream_trx.tiscmp.fastest_slow_1200mv_0c.ddb                      ;
; db/lms7_ustream_trx.tiscmp.fastest_slow_1200mv_85c.ddb                     ;
; db/lms7_ustream_trx.tiscmp.slow_1200mv_0c.ddb                              ;
; db/lms7_ustream_trx.tiscmp.slow_1200mv_85c.ddb                             ;
; db/lms7_ustream_trx.vpr.ammdb                                              ;
; db/mux_qsc.tdf                                                             ;
; db/pll2_altpll2.v                                                          ;
; db/scfifo_5841.tdf                                                         ;
; db/scfifo_b841.tdf                                                         ;
; db/scfifo_j941.tdf                                                         ;
; db/scfifo_o941.tdf                                                         ;
; ddr2_phy_autodetectedpins.tcl                                              ;
; ip/clkctrl/clkctrl.qsys                                                    ;
; ip/clkctrl/clkctrl.sopcinfo                                                ;
; ip/clkctrl/clkctrl/synthesis/clkctrl.debuginfo                             ;
; ip/clkctrl/clkctrl/synthesis/clkctrl.qip                                   ;
; ip/clkctrl/clkctrl/synthesis/clkctrl.vhd                                   ;
; ip/clkctrl/clkctrl/synthesis/submodules/clkctrl_altclkctrl_0.v             ;
; ip/ddr2/alt_mem_ddrx_addr_cmd.v                                            ;
; ip/ddr2/alt_mem_ddrx_addr_cmd_wrap.v                                       ;
; ip/ddr2/alt_mem_ddrx_arbiter.v                                             ;
; ip/ddr2/alt_mem_ddrx_buffer.v                                              ;
; ip/ddr2/alt_mem_ddrx_buffer_manager.v                                      ;
; ip/ddr2/alt_mem_ddrx_burst_gen.v                                           ;
; ip/ddr2/alt_mem_ddrx_burst_tracking.v                                      ;
; ip/ddr2/alt_mem_ddrx_cmd_gen.v                                             ;
; ip/ddr2/alt_mem_ddrx_controller.v                                          ;
; ip/ddr2/alt_mem_ddrx_controller_st_top.v                                   ;
; ip/ddr2/alt_mem_ddrx_csr.v                                                 ;
; ip/ddr2/alt_mem_ddrx_dataid_manager.v                                      ;
; ip/ddr2/alt_mem_ddrx_ddr2_odt_gen.v                                        ;
; ip/ddr2/alt_mem_ddrx_ddr3_odt_gen.v                                        ;
; ip/ddr2/alt_mem_ddrx_define.iv                                             ;
; ip/ddr2/alt_mem_ddrx_ecc_decoder.v                                         ;
; ip/ddr2/alt_mem_ddrx_ecc_decoder_32_syn.v                                  ;
; ip/ddr2/alt_mem_ddrx_ecc_decoder_64_syn.v                                  ;
; ip/ddr2/alt_mem_ddrx_ecc_encoder.v                                         ;
; ip/ddr2/alt_mem_ddrx_ecc_encoder_32_syn.v                                  ;
; ip/ddr2/alt_mem_ddrx_ecc_encoder_64_syn.v                                  ;
; ip/ddr2/alt_mem_ddrx_ecc_encoder_decoder_wrapper.v                         ;
; ip/ddr2/alt_mem_ddrx_fifo.v                                                ;
; ip/ddr2/alt_mem_ddrx_input_if.v                                            ;
; ip/ddr2/alt_mem_ddrx_list.v                                                ;
; ip/ddr2/alt_mem_ddrx_lpddr2_addr_cmd.v                                     ;
; ip/ddr2/alt_mem_ddrx_mm_st_converter.v                                     ;
; ip/ddr2/alt_mem_ddrx_odt_gen.v                                             ;
; ip/ddr2/alt_mem_ddrx_rank_timer.v                                          ;
; ip/ddr2/alt_mem_ddrx_rdata_path.v                                          ;
; ip/ddr2/alt_mem_ddrx_rdwr_data_tmg.v                                       ;
; ip/ddr2/alt_mem_ddrx_sideband.v                                            ;
; ip/ddr2/alt_mem_ddrx_tbp.v                                                 ;
; ip/ddr2/alt_mem_ddrx_timing_param.v                                        ;
; ip/ddr2/alt_mem_ddrx_wdata_path.v                                          ;
; ip/ddr2/alt_mem_phy_defines.v                                              ;
; ip/ddr2/altmemphy-library/auk_ddr_hp_controller.ocp                        ;
; ip/ddr2/ddr2.bsf                                                           ;
; ip/ddr2/ddr2.qip                                                           ;
; ip/ddr2/ddr2.vhd                                                           ;
; ip/ddr2/ddr2_advisor.ipa                                                   ;
; ip/ddr2/ddr2_alt_mem_ddrx_controller_top.v                                 ;
; ip/ddr2/ddr2_controller_phy.vhd                                            ;
; ip/ddr2/ddr2_example_top.sdc                                               ;
; ip/ddr2/ddr2_high_performance_controller-library/auk_ddr_hp_controller.ocp ;
; ip/ddr2/ddr2_phy.bsf                                                       ;
; ip/ddr2/ddr2_phy.qip                                                       ;
; ip/ddr2/ddr2_phy.vhd                                                       ;
; ip/ddr2/ddr2_phy_alt_mem_phy.v                                             ;
; ip/ddr2/ddr2_phy_alt_mem_phy_pll.qip                                       ;
; ip/ddr2/ddr2_phy_alt_mem_phy_pll.vhd                                       ;
; ip/ddr2/ddr2_phy_alt_mem_phy_seq.vhd                                       ;
; ip/ddr2/ddr2_phy_alt_mem_phy_seq_wrapper.v                                 ;
; ip/ddr2/ddr2_phy_ddr_pins.tcl                                              ;
; ip/ddr2/ddr2_phy_ddr_timing.sdc                                            ;
; ip/ddr2/ddr2_phy_ddr_timing.tcl                                            ;
; ip/ddrox1/ddrox1.bsf                                                       ;
; ip/ddrox1/ddrox1.inc                                                       ;
; ip/ddrox1/ddrox1.ppf                                                       ;
; ip/ddrox1/ddrox1.qip                                                       ;
; ip/ddrox1/ddrox1.vhd                                                       ;
; ip/ddrox1/ddrox1_inst.vhd                                                  ;
; ip/fifo_16to32/fifo_16to32.bsf                                             ;
; ip/fifo_16to32/fifo_16to32.qip                                             ;
; ip/fifo_16to32/fifo_16to32.vhd                                             ;
; ip/fifo_32to16/fifo_32to16.bsf                                             ;
; ip/fifo_32to16/fifo_32to16.qip                                             ;
; ip/fifo_32to16/fifo_32to16.vhd                                             ;
; ip/iobuff/iobuff.bsf                                                       ;
; ip/iobuff/iobuff.qip                                                       ;
; ip/iobuff/iobuff.vhd                                                       ;
; ip/pll2/pll2.bsf                                                           ;
; ip/pll2/pll2.ppf                                                           ;
; ip/pll2/pll2.qip                                                           ;
; ip/pll2/pll2.vhd                                                           ;
; ip/pll_reconfig_module/pll_reconfig_module.bsf                             ;
; ip/pll_reconfig_module/pll_reconfig_module.qip                             ;
; ip/pll_reconfig_module/pll_reconfig_module.vhd                             ;
; ip/trxdfifo/trxdfifo.qip                                                   ;
; ip/trxdfifo/trxdfifo.vhd                                                   ;
; lms6usb_trx.qpf                                                            ;
; lms7_uStream_trx_top.bdf                                                   ;
; lms7_ustream_trx.qsf                                                       ;
; output_files/lms7_ustream_trx.jdi                                          ;
; output_files/lms7_ustream_trx.rbf                                          ;
; output_files/lms7_ustream_trx.sof                                          ;
; signal_tap/phy_clk.stp                                                     ;
; signal_tap/pll_phase.stp                                                   ;
; src/DCCorr/dccorra.vhd                                                     ;
; src/FX3/slaveFIFO2b_streamIN.sdc                                           ;
; src/FX3/slaveFIFO2b_streamIN.vhd                                           ;
; src/FX3/slaveFIFO2b_streamINOUT.vhd                                        ;
; src/FX3/slaveFIFO2b_streamOUT.vhd                                          ;
; src/GCorr/gcorr18.vhd                                                      ;
; src/PhCorr/iqbal18.vhd                                                     ;
; src/dyn_ps/pll_ps_cntrl.vhd                                                ;
; src/fifo/sl_ctrl.vhd                                                       ;
; src/general/alive.vhd                                                      ;
; src/general/debounce.vhd                                                   ;
; src/general/iqmux12.vhd                                                    ;
; src/general/iqrxdemux12.vhd                                                ;
; src/nco/nco_bin_sin.vhd                                                    ;
; src/pll_reconfig_ctrl/config_ctrl.vhd                                      ;
; src/ram/data_gen.vhd                                                       ;
; src/ram/fifo_read.vhd                                                      ;
; src/ram/ram_control.vhd                                                    ;
; src/ram/rfifo_ctrl.vhd                                                     ;
; src/spi/mcfg32wm_fsm.vhd                                                   ;
; src/spi/mcfg_components.vhd                                                ;
; src/spi/mem_package.vhd                                                    ;
; src/spi/miso_mux.vhd                                                       ;
; src/spi/txtspcfg.vhd                                                       ;
+----------------------------------------------------------------------------+


+--------------------+
; Files Not Restored ;
+--------------------+
; File Name          ;
+--------------------+


